17:38:25 **** Incremental Build of configuration Debug for project tft ****
make -j12 all 
arm-none-eabi-g++ "../Core/Src/fonts.cpp" -mcpu=cortex-m4 -std=gnu++14 -g3 -DUSE_HAL_DRIVER -DDEBUG -DSTM32F407xx -c -I../Core/Inc -I../Drivers/STM32F4xx_HAL_Driver/Inc -I../Drivers/STM32F4xx_HAL_Driver/Inc/Legacy -I../Drivers/CMSIS/Device/ST/STM32F4xx/Include -I../Drivers/CMSIS/Include -I../FATFS/Target -I../FATFS/App -I../Middlewares/Third_Party/FatFs/src -I../Middlewares/Third_Party/FreeRTOS/Source/include -I../Middlewares/Third_Party/FreeRTOS/Source/CMSIS_RTOS_V2 -I../Middlewares/Third_Party/FreeRTOS/Source/portable/GCC/ARM_CM4F -O0 -ffunction-sections -fdata-sections -fno-exceptions -fno-rtti -fno-threadsafe-statics -fno-use-cxa-atexit -Wall -fstack-usage -MMD -MP -MF"Core/Src/fonts.d" -MT"Core/Src/fonts.o" --specs=nano.specs -mfpu=fpv4-sp-d16 -mfloat-abi=hard -mthumb -o "Core/Src/fonts.o"
arm-none-eabi-g++ -o "tft.elf" @"objects.list"   -mcpu=cortex-m4 -T"D:\docs\stm32\tft\STM32F407VETX_FLASH.ld" --specs=nosys.specs -Wl,-Map="tft.map" -Wl,--gc-sections -static --specs=nano.specs -mfpu=fpv4-sp-d16 -mfloat-abi=hard -mthumb -Wl,--start-group -lc -lm -lstdc++ -lsupc++ -Wl,--end-group
Finished building target: tft.elf
 
arm-none-eabi-objdump -h -S  tft.elf  > "tft.list"
arm-none-eabi-objcopy  -O binary  tft.elf  "tft.bin"
arm-none-eabi-size   tft.elf 
   text	   data	    bss	    dec	    hex	filename
  57592	    124	  33512	  91228	  1645c	tft.elf
Finished building: default.size.stdout
 
Finished building: tft.bin
 
Finished building: tft.list
 

17:38:26 Build Finished. 0 errors, 0 warnings. (took 1s.689ms)

